
> propchain@0.1.0 build
> next build

   Γû▓ Next.js 15.2.3
   - Environments: .env.local

   Creating an optimized production build ...
node.exe :  ΓÜá Compiled with warnings
At line:1 char:1
+ & "C:\Program Files\nodejs/node.exe" "C:\Program Files\nodejs/node_mo ...
+ ~~~~~~~~~~~~~~~~~~~~~~~~~~~~~~~~~~~~~~~~~~~~~~~~~~~~~~~~~~~~~~~~~~~~~
    + CategoryInfo          : NotSpecified: ( ΓÜá Compiled with warnings:Strin 
   g) [], RemoteException
    + FullyQualifiedErrorId : NativeCommandError
 

./node_modules/@metamask/sdk/dist/browser/es/metamask-sdk.js
Module not found: Can't resolve '@react-native-async-storage/async-storage' in 
'C:\Users\agent\.gemini\antigravity\scratch\PropChain\node_modules\@metamask\sd
k\dist\browser\es'

Import trace for requested module:
./node_modules/@metamask/sdk/dist/browser/es/metamask-sdk.js
./node_modules/@wagmi/connectors/dist/esm/metaMask.js
./node_modules/@wagmi/connectors/dist/esm/exports/index.js
./node_modules/wagmi/dist/esm/exports/connectors.js
./lib/wagmi.ts
./components/layout/Web3Providers.tsx

./node_modules/@wagmi/connectors/dist/esm/porto.js
Module not found: Can't resolve 'porto/internal' in 'C:\Users\agent\.gemini\ant
igravity\scratch\PropChain\node_modules\@wagmi\connectors\dist\esm'

Import trace for requested module:
./node_modules/@wagmi/connectors/dist/esm/porto.js
./node_modules/@wagmi/connectors/dist/esm/exports/index.js
./node_modules/wagmi/dist/esm/exports/connectors.js
./lib/wagmi.ts
./components/layout/Web3Providers.tsx

 ΓÜá Compiled with warnings

./node_modules/@metamask/sdk/dist/browser/es/metamask-sdk.js
Module not found: Can't resolve '@react-native-async-storage/async-storage' in 
'C:\Users\agent\.gemini\antigravity\scratch\PropChain\node_modules\@metamask\sd
k\dist\browser\es'

Import trace for requested module:
./node_modules/@metamask/sdk/dist/browser/es/metamask-sdk.js
./node_modules/@wagmi/connectors/dist/esm/metaMask.js
./node_modules/@wagmi/connectors/dist/esm/exports/index.js
./node_modules/wagmi/dist/esm/exports/connectors.js
./lib/wagmi.ts
./components/layout/Web3Providers.tsx

./node_modules/@wagmi/connectors/dist/esm/baseAccount.js
Module not found: Can't resolve '@base-org/account' in 'C:\Users\agent\.gemini\
antigravity\scratch\PropChain\node_modules\@wagmi\connectors\dist\esm'

Import trace for requested module:
./node_modules/@wagmi/connectors/dist/esm/baseAccount.js
./node_modules/@wagmi/connectors/dist/esm/exports/index.js
./node_modules/wagmi/dist/esm/exports/connectors.js
./lib/wagmi.ts
./components/layout/Web3Providers.tsx

./node_modules/@wagmi/connectors/dist/esm/coinbaseWallet.js
Module not found: Can't resolve '@coinbase/wallet-sdk' in 'C:\Users\agent\.gemi
ni\antigravity\scratch\PropChain\node_modules\@wagmi\connectors\dist\esm'

Import trace for requested module:
./node_modules/@wagmi/connectors/dist/esm/coinbaseWallet.js
./node_modules/@wagmi/connectors/dist/esm/exports/index.js
./node_modules/wagmi/dist/esm/exports/connectors.js
./lib/wagmi.ts
./components/layout/Web3Providers.tsx

./node_modules/@wagmi/connectors/dist/esm/porto.js
Module not found: Can't resolve 'porto/internal' in 'C:\Users\agent\.gemini\ant
igravity\scratch\PropChain\node_modules\@wagmi\connectors\dist\esm'

Import trace for requested module:
./node_modules/@wagmi/connectors/dist/esm/porto.js
./node_modules/@wagmi/connectors/dist/esm/exports/index.js
./node_modules/wagmi/dist/esm/exports/connectors.js
./lib/wagmi.ts
./components/layout/Web3Providers.tsx

./node_modules/@wagmi/connectors/dist/esm/porto.js
Module not found: Can't resolve 'porto' in 'C:\Users\agent\.gemini\antigravity\
scratch\PropChain\node_modules\@wagmi\connectors\dist\esm'
Did you mean './porto'?
Requests that should resolve in the current directory need to start with './'.
Requests that start with a name are treated as module requests and resolve 
within module directories (node_modules).
If changing the source code is not an option there is also a resolve options 
called 'preferRelative' which tries to resolve these kind of requests in the 
current directory too.

Import trace for requested module:
./node_modules/@wagmi/connectors/dist/esm/porto.js
./node_modules/@wagmi/connectors/dist/esm/exports/index.js
./node_modules/wagmi/dist/esm/exports/connectors.js
./lib/wagmi.ts
./components/layout/Web3Providers.tsx

./node_modules/@wagmi/connectors/dist/esm/safe.js
Module not found: Can't resolve '@safe-global/safe-apps-sdk' in 'C:\Users\agent
\.gemini\antigravity\scratch\PropChain\node_modules\@wagmi\connectors\dist\esm'

Import trace for requested module:
./node_modules/@wagmi/connectors/dist/esm/safe.js
./node_modules/@wagmi/connectors/dist/esm/exports/index.js
./node_modules/wagmi/dist/esm/exports/connectors.js
./lib/wagmi.ts
./components/layout/Web3Providers.tsx

./node_modules/@wagmi/connectors/dist/esm/safe.js
Module not found: Can't resolve '@safe-global/safe-apps-provider' in 'C:\Users\
agent\.gemini\antigravity\scratch\PropChain\node_modules\@wagmi\connectors\dist
\esm'

Import trace for requested module:
./node_modules/@wagmi/connectors/dist/esm/safe.js
./node_modules/@wagmi/connectors/dist/esm/exports/index.js
./node_modules/wagmi/dist/esm/exports/connectors.js
./lib/wagmi.ts
./components/layout/Web3Providers.tsx

./node_modules/@wagmi/connectors/dist/esm/walletConnect.js
Module not found: Can't resolve '@walletconnect/ethereum-provider' in 'C:\Users
\agent\.gemini\antigravity\scratch\PropChain\node_modules\@wagmi\connectors\dis
t\esm'

Import trace for requested module:
./node_modules/@wagmi/connectors/dist/esm/walletConnect.js
./node_modules/@wagmi/connectors/dist/esm/exports/index.js
./node_modules/wagmi/dist/esm/exports/connectors.js
./lib/wagmi.ts
./components/layout/Web3Providers.tsx

 Γ£ô Compiled successfully
   Linting and checking validity of types ...

./app/oracle/queue/page.tsx
27:6  Warning: React Hook useEffect has a missing dependency: 'fetchPending'. Either include it or remove the dependency array.  react-hooks/exhaustive-deps

./components/shared/OracleGuard.tsx
21:6  Warning: React Hook useEffect has a missing dependency: 'router'. Either include it or remove the dependency array.  react-hooks/exhaustive-deps

info  - Need to disable some ESLint rules? Learn more here: https://nextjs.org/docs/app/api-reference/config/eslint#disabling-rules
   Collecting page data ...
   Generating static pages (0/25) ...
   Generating static pages (6/25) 
   Generating static pages (12/25) 
   Generating static pages (18/25) 
 Γ£ô Generating static pages (25/25)
   Finalizing page optimization ...
   Collecting build traces ...

Route (app)                                 Size  First Load JS
Γöî Γùï /                                    6.37 kB         158 kB
Γö£ Γùï /_not-found                            990 B         102 kB
Γö£ ╞Æ /api/kyc/status                        203 B         101 kB
Γö£ ╞Æ /api/kyc/submit                        203 B         101 kB
Γö£ ╞Æ /api/oracle/approve                    203 B         101 kB
Γö£ ╞Æ /api/oracle/pending                    203 B         101 kB
Γö£ ╞Æ /api/oracle/reject                     203 B         101 kB
Γö£ ╞Æ /api/properties/confirm-mint           203 B         101 kB
Γö£ ╞Æ /api/properties/owner                  203 B         101 kB
Γö£ ╞Æ /api/properties/register               203 B         101 kB
Γö£ ╞Æ /api/properties/token/[id]             203 B         101 kB
Γö£ ╞Æ /api/transfer                          203 B         101 kB
Γö£ ╞Æ /api/user/link-wallet                  203 B         101 kB
Γö£ ╞Æ /api/webhooks/clerk                    203 B         101 kB
Γö£ Γùï /audit                               4.97 kB         116 kB
Γö£ Γùï /dashboard                           7.38 kB         169 kB
Γö£ Γùï /mint/ai-check                       3.69 kB         118 kB
Γö£ Γùï /mint/details                        27.1 kB         144 kB
Γö£ Γùï /mint/review                            4 kB         163 kB
Γö£ Γùï /mint/upload                          5.4 kB         120 kB
Γö£ Γùï /oracle/analytics                    6.57 kB         164 kB
Γö£ Γùï /oracle/queue                         4.5 kB         173 kB
Γö£ Γùï /properties                             7 kB         171 kB
Γö£ ╞Æ /properties/[id]                     4.65 kB         125 kB
Γö£ Γùï /registry                            3.03 kB         114 kB
Γö£ ╞Æ /sign-in/[[...sign-in]]                349 B         139 kB
Γöö ╞Æ /sign-up/[[...sign-up]]                349 B         139 kB
+ First Load JS shared by all             101 kB
  Γö£ chunks/1684-5e01adef470a760f.js      45.8 kB
  Γö£ chunks/4bd1b696-f400f8718c60a06b.js  53.3 kB
  Γöö other shared chunks (total)          2.15 kB


╞Æ Middleware                             84.3 kB

Γùï  (Static)   prerendered as static content
╞Æ  (Dynamic)  server-rendered on demand

